  Determinando los proyectos que se van a restaurar...
  Todos los proyectos están actualizados para la restauración.
C:\Program Files\dotnet\sdk\10.0.201\Microsoft.Common.CurrentVersion.targets(5395,5): warning MSB3026: No se pudo copiar "C:\Herramientas\Launcher pro\workspace-automator\WorkspaceLauncher\obj\Debug\net8.0-windows\win-x64\apphost.exe" en "bin\Debug\net8.0-windows\win-x64\WorkspaceLauncher.exe". Se iniciará el reintento 1 dentro de 1000ms. The process cannot access the file 'C:\Herramientas\Launcher pro\workspace-automator\WorkspaceLauncher\bin\Debug\net8.0-windows\win-x64\WorkspaceLauncher.exe' because it is being used by another process. El archivo se ha bloqueado por: "WorkspaceLauncher (50088)" [C:\Herramientas\Launcher pro\workspace-automator\WorkspaceLauncher\WorkspaceLauncher.csproj]
C:\Program Files\dotnet\sdk\10.0.201\Microsoft.Common.CurrentVersion.targets(5395,5): warning MSB3026: No se pudo copiar "C:\Herramientas\Launcher pro\workspace-automator\WorkspaceLauncher\obj\Debug\net8.0-windows\win-x64\apphost.exe" en "bin\Debug\net8.0-windows\win-x64\WorkspaceLauncher.exe". Se iniciará el reintento 2 dentro de 1000ms. The process cannot access the file 'C:\Herramientas\Launcher pro\workspace-automator\WorkspaceLauncher\bin\Debug\net8.0-windows\win-x64\WorkspaceLauncher.exe' because it is being used by another process. El archivo se ha bloqueado por: "WorkspaceLauncher (50088)" [C:\Herramientas\Launcher pro\workspace-automator\WorkspaceLauncher\WorkspaceLauncher.csproj]
C:\Program Files\dotnet\sdk\10.0.201\Microsoft.Common.CurrentVersion.targets(5395,5): warning MSB3026: No se pudo copiar "C:\Herramientas\Launcher pro\workspace-automator\WorkspaceLauncher\obj\Debug\net8.0-windows\win-x64\apphost.exe" en "bin\Debug\net8.0-windows\win-x64\WorkspaceLauncher.exe". Se iniciará el reintento 3 dentro de 1000ms. The process cannot access the file 'C:\Herramientas\Launcher pro\workspace-automator\WorkspaceLauncher\bin\Debug\net8.0-windows\win-x64\WorkspaceLauncher.exe' because it is being used by another process. El archivo se ha bloqueado por: "WorkspaceLauncher (50088)" [C:\Herramientas\Launcher pro\workspace-automator\WorkspaceLauncher\WorkspaceLauncher.csproj]
C:\Program Files\dotnet\sdk\10.0.201\Microsoft.Common.CurrentVersion.targets(5395,5): warning MSB3026: No se pudo copiar "C:\Herramientas\Launcher pro\workspace-automator\WorkspaceLauncher\obj\Debug\net8.0-windows\win-x64\apphost.exe" en "bin\Debug\net8.0-windows\win-x64\WorkspaceLauncher.exe". Se iniciará el reintento 4 dentro de 1000ms. The process cannot access the file 'C:\Herramientas\Launcher pro\workspace-automator\WorkspaceLauncher\bin\Debug\net8.0-windows\win-x64\WorkspaceLauncher.exe' because it is being used by another process. El archivo se ha bloqueado por: "WorkspaceLauncher (50088)" [C:\Herramientas\Launcher pro\workspace-automator\WorkspaceLauncher\WorkspaceLauncher.csproj]
C:\Program Files\dotnet\sdk\10.0.201\Microsoft.Common.CurrentVersion.targets(5395,5): warning MSB3026: No se pudo copiar "C:\Herramientas\Launcher pro\workspace-automator\WorkspaceLauncher\obj\Debug\net8.0-windows\win-x64\apphost.exe" en "bin\Debug\net8.0-windows\win-x64\WorkspaceLauncher.exe". Se iniciará el reintento 5 dentro de 1000ms. The process cannot access the file 'C:\Herramientas\Launcher pro\workspace-automator\WorkspaceLauncher\bin\Debug\net8.0-windows\win-x64\WorkspaceLauncher.exe' because it is being used by another process. El archivo se ha bloqueado por: "WorkspaceLauncher (50088)" [C:\Herramientas\Launcher pro\workspace-automator\WorkspaceLauncher\WorkspaceLauncher.csproj]
C:\Program Files\dotnet\sdk\10.0.201\Microsoft.Common.CurrentVersion.targets(5395,5): warning MSB3026: No se pudo copiar "C:\Herramientas\Launcher pro\workspace-automator\WorkspaceLauncher\obj\Debug\net8.0-windows\win-x64\apphost.exe" en "bin\Debug\net8.0-windows\win-x64\WorkspaceLauncher.exe". Se iniciará el reintento 6 dentro de 1000ms. The process cannot access the file 'C:\Herramientas\Launcher pro\workspace-automator\WorkspaceLauncher\bin\Debug\net8.0-windows\win-x64\WorkspaceLauncher.exe' because it is being used by another process. El archivo se ha bloqueado por: "WorkspaceLauncher (50088)" [C:\Herramientas\Launcher pro\workspace-automator\WorkspaceLauncher\WorkspaceLauncher.csproj]
C:\Program Files\dotnet\sdk\10.0.201\Microsoft.Common.CurrentVersion.targets(5395,5): warning MSB3026: No se pudo copiar "C:\Herramientas\Launcher pro\workspace-automator\WorkspaceLauncher\obj\Debug\net8.0-windows\win-x64\apphost.exe" en "bin\Debug\net8.0-windows\win-x64\WorkspaceLauncher.exe". Se iniciará el reintento 7 dentro de 1000ms. The process cannot access the file 'C:\Herramientas\Launcher pro\workspace-automator\WorkspaceLauncher\bin\Debug\net8.0-windows\win-x64\WorkspaceLauncher.exe' because it is being used by another process. El archivo se ha bloqueado por: "WorkspaceLauncher (50088)" [C:\Herramientas\Launcher pro\workspace-automator\WorkspaceLauncher\WorkspaceLauncher.csproj]
C:\Program Files\dotnet\sdk\10.0.201\Microsoft.Common.CurrentVersion.targets(5395,5): warning MSB3026: No se pudo copiar "C:\Herramientas\Launcher pro\workspace-automator\WorkspaceLauncher\obj\Debug\net8.0-windows\win-x64\apphost.exe" en "bin\Debug\net8.0-windows\win-x64\WorkspaceLauncher.exe". Se iniciará el reintento 8 dentro de 1000ms. The process cannot access the file 'C:\Herramientas\Launcher pro\workspace-automator\WorkspaceLauncher\bin\Debug\net8.0-windows\win-x64\WorkspaceLauncher.exe' because it is being used by another process. El archivo se ha bloqueado por: "WorkspaceLauncher (50088)" [C:\Herramientas\Launcher pro\workspace-automator\WorkspaceLauncher\WorkspaceLauncher.csproj]
C:\Program Files\dotnet\sdk\10.0.201\Microsoft.Common.CurrentVersion.targets(5395,5): warning MSB3026: No se pudo copiar "C:\Herramientas\Launcher pro\workspace-automator\WorkspaceLauncher\obj\Debug\net8.0-windows\win-x64\apphost.exe" en "bin\Debug\net8.0-windows\win-x64\WorkspaceLauncher.exe". Se iniciará el reintento 9 dentro de 1000ms. The process cannot access the file 'C:\Herramientas\Launcher pro\workspace-automator\WorkspaceLauncher\bin\Debug\net8.0-windows\win-x64\WorkspaceLauncher.exe' because it is being used by another process. El archivo se ha bloqueado por: "WorkspaceLauncher (50088)" [C:\Herramientas\Launcher pro\workspace-automator\WorkspaceLauncher\WorkspaceLauncher.csproj]
C:\Program Files\dotnet\sdk\10.0.201\Microsoft.Common.CurrentVersion.targets(5395,5): warning MSB3026: No se pudo copiar "C:\Herramientas\Launcher pro\workspace-automator\WorkspaceLauncher\obj\Debug\net8.0-windows\win-x64\apphost.exe" en "bin\Debug\net8.0-windows\win-x64\WorkspaceLauncher.exe". Se iniciará el reintento 10 dentro de 1000ms. The process cannot access the file 'C:\Herramientas\Launcher pro\workspace-automator\WorkspaceLauncher\bin\Debug\net8.0-windows\win-x64\WorkspaceLauncher.exe' because it is being used by another process. El archivo se ha bloqueado por: "WorkspaceLauncher (50088)" [C:\Herramientas\Launcher pro\workspace-automator\WorkspaceLauncher\WorkspaceLauncher.csproj]
C:\Program Files\dotnet\sdk\10.0.201\Microsoft.Common.CurrentVersion.targets(5395,5): error MSB3027: No se pudo copiar "C:\Herramientas\Launcher pro\workspace-automator\WorkspaceLauncher\obj\Debug\net8.0-windows\win-x64\apphost.exe" en "bin\Debug\net8.0-windows\win-x64\WorkspaceLauncher.exe". Se superó el número de 10 reintentos. Error. El archivo se ha bloqueado por: "WorkspaceLauncher (50088)" [C:\Herramientas\Launcher pro\workspace-automator\WorkspaceLauncher\WorkspaceLauncher.csproj]
C:\Program Files\dotnet\sdk\10.0.201\Microsoft.Common.CurrentVersion.targets(5395,5): error MSB3021: No se puede copiar "C:\Herramientas\Launcher pro\workspace-automator\WorkspaceLauncher\obj\Debug\net8.0-windows\win-x64\apphost.exe" en "bin\Debug\net8.0-windows\win-x64\WorkspaceLauncher.exe". The process cannot access the file 'C:\Herramientas\Launcher pro\workspace-automator\WorkspaceLauncher\bin\Debug\net8.0-windows\win-x64\WorkspaceLauncher.exe' because it is being used by another process. [C:\Herramientas\Launcher pro\workspace-automator\WorkspaceLauncher\WorkspaceLauncher.csproj]

ERROR al compilar.

C:\Program Files\dotnet\sdk\10.0.201\Microsoft.Common.CurrentVersion.targets(5395,5): warning MSB3026: No se pudo copiar "C:\Herramientas\Launcher pro\workspace-automator\WorkspaceLauncher\obj\Debug\net8.0-windows\win-x64\apphost.exe" en "bin\Debug\net8.0-windows\win-x64\WorkspaceLauncher.exe". Se iniciará el reintento 1 dentro de 1000ms. The process cannot access the file 'C:\Herramientas\Launcher pro\workspace-automator\WorkspaceLauncher\bin\Debug\net8.0-windows\win-x64\WorkspaceLauncher.exe' because it is being used by another process. El archivo se ha bloqueado por: "WorkspaceLauncher (50088)" [C:\Herramientas\Launcher pro\workspace-automator\WorkspaceLauncher\WorkspaceLauncher.csproj]
C:\Program Files\dotnet\sdk\10.0.201\Microsoft.Common.CurrentVersion.targets(5395,5): warning MSB3026: No se pudo copiar "C:\Herramientas\Launcher pro\workspace-automator\WorkspaceLauncher\obj\Debug\net8.0-windows\win-x64\apphost.exe" en "bin\Debug\net8.0-windows\win-x64\WorkspaceLauncher.exe". Se iniciará el reintento 2 dentro de 1000ms. The process cannot access the file 'C:\Herramientas\Launcher pro\workspace-automator\WorkspaceLauncher\bin\Debug\net8.0-windows\win-x64\WorkspaceLauncher.exe' because it is being used by another process. El archivo se ha bloqueado por: "WorkspaceLauncher (50088)" [C:\Herramientas\Launcher pro\workspace-automator\WorkspaceLauncher\WorkspaceLauncher.csproj]
C:\Program Files\dotnet\sdk\10.0.201\Microsoft.Common.CurrentVersion.targets(5395,5): warning MSB3026: No se pudo copiar "C:\Herramientas\Launcher pro\workspace-automator\WorkspaceLauncher\obj\Debug\net8.0-windows\win-x64\apphost.exe" en "bin\Debug\net8.0-windows\win-x64\WorkspaceLauncher.exe". Se iniciará el reintento 3 dentro de 1000ms. The process cannot access the file 'C:\Herramientas\Launcher pro\workspace-automator\WorkspaceLauncher\bin\Debug\net8.0-windows\win-x64\WorkspaceLauncher.exe' because it is being used by another process. El archivo se ha bloqueado por: "WorkspaceLauncher (50088)" [C:\Herramientas\Launcher pro\workspace-automator\WorkspaceLauncher\WorkspaceLauncher.csproj]
C:\Program Files\dotnet\sdk\10.0.201\Microsoft.Common.CurrentVersion.targets(5395,5): warning MSB3026: No se pudo copiar "C:\Herramientas\Launcher pro\workspace-automator\WorkspaceLauncher\obj\Debug\net8.0-windows\win-x64\apphost.exe" en "bin\Debug\net8.0-windows\win-x64\WorkspaceLauncher.exe". Se iniciará el reintento 4 dentro de 1000ms. The process cannot access the file 'C:\Herramientas\Launcher pro\workspace-automator\WorkspaceLauncher\bin\Debug\net8.0-windows\win-x64\WorkspaceLauncher.exe' because it is being used by another process. El archivo se ha bloqueado por: "WorkspaceLauncher (50088)" [C:\Herramientas\Launcher pro\workspace-automator\WorkspaceLauncher\WorkspaceLauncher.csproj]
C:\Program Files\dotnet\sdk\10.0.201\Microsoft.Common.CurrentVersion.targets(5395,5): warning MSB3026: No se pudo copiar "C:\Herramientas\Launcher pro\workspace-automator\WorkspaceLauncher\obj\Debug\net8.0-windows\win-x64\apphost.exe" en "bin\Debug\net8.0-windows\win-x64\WorkspaceLauncher.exe". Se iniciará el reintento 5 dentro de 1000ms. The process cannot access the file 'C:\Herramientas\Launcher pro\workspace-automator\WorkspaceLauncher\bin\Debug\net8.0-windows\win-x64\WorkspaceLauncher.exe' because it is being used by another process. El archivo se ha bloqueado por: "WorkspaceLauncher (50088)" [C:\Herramientas\Launcher pro\workspace-automator\WorkspaceLauncher\WorkspaceLauncher.csproj]
C:\Program Files\dotnet\sdk\10.0.201\Microsoft.Common.CurrentVersion.targets(5395,5): warning MSB3026: No se pudo copiar "C:\Herramientas\Launcher pro\workspace-automator\WorkspaceLauncher\obj\Debug\net8.0-windows\win-x64\apphost.exe" en "bin\Debug\net8.0-windows\win-x64\WorkspaceLauncher.exe". Se iniciará el reintento 6 dentro de 1000ms. The process cannot access the file 'C:\Herramientas\Launcher pro\workspace-automator\WorkspaceLauncher\bin\Debug\net8.0-windows\win-x64\WorkspaceLauncher.exe' because it is being used by another process. El archivo se ha bloqueado por: "WorkspaceLauncher (50088)" [C:\Herramientas\Launcher pro\workspace-automator\WorkspaceLauncher\WorkspaceLauncher.csproj]
C:\Program Files\dotnet\sdk\10.0.201\Microsoft.Common.CurrentVersion.targets(5395,5): warning MSB3026: No se pudo copiar "C:\Herramientas\Launcher pro\workspace-automator\WorkspaceLauncher\obj\Debug\net8.0-windows\win-x64\apphost.exe" en "bin\Debug\net8.0-windows\win-x64\WorkspaceLauncher.exe". Se iniciará el reintento 7 dentro de 1000ms. The process cannot access the file 'C:\Herramientas\Launcher pro\workspace-automator\WorkspaceLauncher\bin\Debug\net8.0-windows\win-x64\WorkspaceLauncher.exe' because it is being used by another process. El archivo se ha bloqueado por: "WorkspaceLauncher (50088)" [C:\Herramientas\Launcher pro\workspace-automator\WorkspaceLauncher\WorkspaceLauncher.csproj]
C:\Program Files\dotnet\sdk\10.0.201\Microsoft.Common.CurrentVersion.targets(5395,5): warning MSB3026: No se pudo copiar "C:\Herramientas\Launcher pro\workspace-automator\WorkspaceLauncher\obj\Debug\net8.0-windows\win-x64\apphost.exe" en "bin\Debug\net8.0-windows\win-x64\WorkspaceLauncher.exe". Se iniciará el reintento 8 dentro de 1000ms. The process cannot access the file 'C:\Herramientas\Launcher pro\workspace-automator\WorkspaceLauncher\bin\Debug\net8.0-windows\win-x64\WorkspaceLauncher.exe' because it is being used by another process. El archivo se ha bloqueado por: "WorkspaceLauncher (50088)" [C:\Herramientas\Launcher pro\workspace-automator\WorkspaceLauncher\WorkspaceLauncher.csproj]
C:\Program Files\dotnet\sdk\10.0.201\Microsoft.Common.CurrentVersion.targets(5395,5): warning MSB3026: No se pudo copiar "C:\Herramientas\Launcher pro\workspace-automator\WorkspaceLauncher\obj\Debug\net8.0-windows\win-x64\apphost.exe" en "bin\Debug\net8.0-windows\win-x64\WorkspaceLauncher.exe". Se iniciará el reintento 9 dentro de 1000ms. The process cannot access the file 'C:\Herramientas\Launcher pro\workspace-automator\WorkspaceLauncher\bin\Debug\net8.0-windows\win-x64\WorkspaceLauncher.exe' because it is being used by another process. El archivo se ha bloqueado por: "WorkspaceLauncher (50088)" [C:\Herramientas\Launcher pro\workspace-automator\WorkspaceLauncher\WorkspaceLauncher.csproj]
C:\Program Files\dotnet\sdk\10.0.201\Microsoft.Common.CurrentVersion.targets(5395,5): warning MSB3026: No se pudo copiar "C:\Herramientas\Launcher pro\workspace-automator\WorkspaceLauncher\obj\Debug\net8.0-windows\win-x64\apphost.exe" en "bin\Debug\net8.0-windows\win-x64\WorkspaceLauncher.exe". Se iniciará el reintento 10 dentro de 1000ms. The process cannot access the file 'C:\Herramientas\Launcher pro\workspace-automator\WorkspaceLauncher\bin\Debug\net8.0-windows\win-x64\WorkspaceLauncher.exe' because it is being used by another process. El archivo se ha bloqueado por: "WorkspaceLauncher (50088)" [C:\Herramientas\Launcher pro\workspace-automator\WorkspaceLauncher\WorkspaceLauncher.csproj]
C:\Program Files\dotnet\sdk\10.0.201\Microsoft.Common.CurrentVersion.targets(5395,5): error MSB3027: No se pudo copiar "C:\Herramientas\Launcher pro\workspace-automator\WorkspaceLauncher\obj\Debug\net8.0-windows\win-x64\apphost.exe" en "bin\Debug\net8.0-windows\win-x64\WorkspaceLauncher.exe". Se superó el número de 10 reintentos. Error. El archivo se ha bloqueado por: "WorkspaceLauncher (50088)" [C:\Herramientas\Launcher pro\workspace-automator\WorkspaceLauncher\WorkspaceLauncher.csproj]
C:\Program Files\dotnet\sdk\10.0.201\Microsoft.Common.CurrentVersion.targets(5395,5): error MSB3021: No se puede copiar "C:\Herramientas\Launcher pro\workspace-automator\WorkspaceLauncher\obj\Debug\net8.0-windows\win-x64\apphost.exe" en "bin\Debug\net8.0-windows\win-x64\WorkspaceLauncher.exe". The process cannot access the file 'C:\Herramientas\Launcher pro\workspace-automator\WorkspaceLauncher\bin\Debug\net8.0-windows\win-x64\WorkspaceLauncher.exe' because it is being used by another process. [C:\Herramientas\Launcher pro\workspace-automator\WorkspaceLauncher\WorkspaceLauncher.csproj]
    10 Advertencia(s)
    2 Errores

Tiempo transcurrido 00:00:14.72
